// Jest Snapshot v1, https://goo.gl/fbAQLP

exports[`should render children 1`] = `
<main
  class="ant-layout-content sc-bdnylx ehLFKO"
>
  <div
    data-testid="test"
  />
</main>
`;
